2026-09-10 16:37:12

2026-09-10 22:10:01
2026-09-10 22:18:17
Disk usage: 2%
OK: Disk usage is below the warning threshold
2026-09-10 22:21:57
Disk usage: 2%
OK: Disk usage is below the warning threshold
Available memory: 7126 MiB
OK: Available memory is above the warning threshold
2026-09-10 22:24:57
Disk usage: 2%
OK: Disk usage is below the warning threshold
Available memory: 7126 MiB
OK: Available memory is above the warning threshold
CPU load: 0.00
CPU cores: 12
OK: CPU load is below the warning threshold
2026-09-10 22:26:36
Disk usage: 2%
OK: Disk usage is below the warning threshold
Available memory: 7127 MiB
OK: Available memory is above the warning threshold
CPU load: 0.00
CPU cores: 12
OK: CPU load is below the warning threshold
----------------------------------------
2026-09-10 22:26:43
Disk usage: 2%
OK: Disk usage is below the warning threshold
Available memory: 7126 MiB
OK: Available memory is above the warning threshold
CPU load: 0.00
CPU cores: 12
OK: CPU load is below the warning threshold
----------------------------------------
